Archive member included to satisfy reference by file (symbol)

d:/programy/arm_toolchain/10_2021_10/bin/../lib/gcc/arm-none-eabi/10.3.1/../../../../arm-none-eabi/lib/thumb/v7e-m+fp/hard\libg.a(lib_a-exit.o)
                              d:/programy/arm_toolchain/10_2021_10/bin/../lib/gcc/arm-none-eabi/10.3.1/../../../../arm-none-eabi/lib/thumb/v7e-m+fp/hard/crt0.o (exit)
d:/programy/arm_toolchain/10_2021_10/bin/../lib/gcc/arm-none-eabi/10.3.1/../../../../arm-none-eabi/lib/thumb/v7e-m+fp/hard\libg.a(lib_a-impure.o)
                              d:/programy/arm_toolchain/10_2021_10/bin/../lib/gcc/arm-none-eabi/10.3.1/../../../../arm-none-eabi/lib/thumb/v7e-m+fp/hard\libg.a(lib_a-exit.o) (_global_impure_ptr)
d:/programy/arm_toolchain/10_2021_10/bin/../lib/gcc/arm-none-eabi/10.3.1/../../../../arm-none-eabi/lib/thumb/v7e-m+fp/hard\libg.a(lib_a-init.o)
                              d:/programy/arm_toolchain/10_2021_10/bin/../lib/gcc/arm-none-eabi/10.3.1/../../../../arm-none-eabi/lib/thumb/v7e-m+fp/hard/crt0.o (__libc_init_array)
d:/programy/arm_toolchain/10_2021_10/bin/../lib/gcc/arm-none-eabi/10.3.1/../../../../arm-none-eabi/lib/thumb/v7e-m+fp/hard\libg.a(lib_a-memset.o)
                              d:/programy/arm_toolchain/10_2021_10/bin/../lib/gcc/arm-none-eabi/10.3.1/../../../../arm-none-eabi/lib/thumb/v7e-m+fp/hard/crt0.o (memset)
d:/programy/arm_toolchain/10_2021_10/bin/../lib/gcc/arm-none-eabi/10.3.1/../../../../arm-none-eabi/lib/thumb/v7e-m+fp/hard\libg.a(lib_a-__call_atexit.o)
                              d:/programy/arm_toolchain/10_2021_10/bin/../lib/gcc/arm-none-eabi/10.3.1/../../../../arm-none-eabi/lib/thumb/v7e-m+fp/hard\libg.a(lib_a-exit.o) (__call_exitprocs)
d:/programy/arm_toolchain/10_2021_10/bin/../lib/gcc/arm-none-eabi/10.3.1/../../../../arm-none-eabi/lib/thumb/v7e-m+fp/hard\libg.a(lib_a-atexit.o)
                              d:/programy/arm_toolchain/10_2021_10/bin/../lib/gcc/arm-none-eabi/10.3.1/../../../../arm-none-eabi/lib/thumb/v7e-m+fp/hard\libg.a(lib_a-__call_atexit.o) (atexit)
d:/programy/arm_toolchain/10_2021_10/bin/../lib/gcc/arm-none-eabi/10.3.1/../../../../arm-none-eabi/lib/thumb/v7e-m+fp/hard\libg.a(lib_a-fini.o)
                              d:/programy/arm_toolchain/10_2021_10/bin/../lib/gcc/arm-none-eabi/10.3.1/../../../../arm-none-eabi/lib/thumb/v7e-m+fp/hard\libg.a(lib_a-__call_atexit.o) (__libc_fini_array)
d:/programy/arm_toolchain/10_2021_10/bin/../lib/gcc/arm-none-eabi/10.3.1/../../../../arm-none-eabi/lib/thumb/v7e-m+fp/hard\libg.a(lib_a-lock.o)
                              d:/programy/arm_toolchain/10_2021_10/bin/../lib/gcc/arm-none-eabi/10.3.1/../../../../arm-none-eabi/lib/thumb/v7e-m+fp/hard\libg.a(lib_a-__call_atexit.o) (__retarget_lock_acquire_recursive)
d:/programy/arm_toolchain/10_2021_10/bin/../lib/gcc/arm-none-eabi/10.3.1/../../../../arm-none-eabi/lib/thumb/v7e-m+fp/hard\libg.a(lib_a-__atexit.o)
                              d:/programy/arm_toolchain/10_2021_10/bin/../lib/gcc/arm-none-eabi/10.3.1/../../../../arm-none-eabi/lib/thumb/v7e-m+fp/hard\libg.a(lib_a-atexit.o) (__register_exitproc)

Discarded input sections

 .text          0x00000000        0x0 d:/programy/arm_toolchain/10_2021_10/bin/../lib/gcc/arm-none-eabi/10.3.1/thumb/v7e-m+fp/hard/crtfastmath.o
 .data          0x00000000        0x0 d:/programy/arm_toolchain/10_2021_10/bin/../lib/gcc/arm-none-eabi/10.3.1/thumb/v7e-m+fp/hard/crtfastmath.o
 .bss           0x00000000        0x0 d:/programy/arm_toolchain/10_2021_10/bin/../lib/gcc/arm-none-eabi/10.3.1/thumb/v7e-m+fp/hard/crtfastmath.o
 .text          0x00000000        0x0 d:/programy/arm_toolchain/10_2021_10/bin/../lib/gcc/arm-none-eabi/10.3.1/thumb/v7e-m+fp/hard/crti.o
 .data          0x00000000        0x0 d:/programy/arm_toolchain/10_2021_10/bin/../lib/gcc/arm-none-eabi/10.3.1/thumb/v7e-m+fp/hard/crti.o
 .bss           0x00000000        0x0 d:/programy/arm_toolchain/10_2021_10/bin/../lib/gcc/arm-none-eabi/10.3.1/thumb/v7e-m+fp/hard/crti.o
 .data          0x00000000        0x4 d:/programy/arm_toolchain/10_2021_10/bin/../lib/gcc/arm-none-eabi/10.3.1/thumb/v7e-m+fp/hard/crtbegin.o
 .rodata        0x00000000       0x24 d:/programy/arm_toolchain/10_2021_10/bin/../lib/gcc/arm-none-eabi/10.3.1/thumb/v7e-m+fp/hard/crtbegin.o
 .text          0x00000000       0x7c d:/programy/arm_toolchain/10_2021_10/bin/../lib/gcc/arm-none-eabi/10.3.1/../../../../arm-none-eabi/lib/thumb/v7e-m+fp/hard/crt0.o
 .data          0x00000000        0x0 d:/programy/arm_toolchain/10_2021_10/bin/../lib/gcc/arm-none-eabi/10.3.1/../../../../arm-none-eabi/lib/thumb/v7e-m+fp/hard/crt0.o
 .bss           0x00000000        0x0 d:/programy/arm_toolchain/10_2021_10/bin/../lib/gcc/arm-none-eabi/10.3.1/../../../../arm-none-eabi/lib/thumb/v7e-m+fp/hard/crt0.o
 .ARM.extab     0x00000000        0x0 d:/programy/arm_toolchain/10_2021_10/bin/../lib/gcc/arm-none-eabi/10.3.1/../../../../arm-none-eabi/lib/thumb/v7e-m+fp/hard/crt0.o
 .ARM.exidx     0x00000000       0x10 d:/programy/arm_toolchain/10_2021_10/bin/../lib/gcc/arm-none-eabi/10.3.1/../../../../arm-none-eabi/lib/thumb/v7e-m+fp/hard/crt0.o
 .ARM.attributes
                0x00000000       0x1c d:/programy/arm_toolchain/10_2021_10/bin/../lib/gcc/arm-none-eabi/10.3.1/../../../../arm-none-eabi/lib/thumb/v7e-m+fp/hard/crt0.o
 .text          0x00000000        0x0 CMakeFiles/stm32f401.elf.dir/D_/Self_development/stm32f401/Sw_Components/02_Srv/main.c.obj
 .data          0x00000000        0x0 CMakeFiles/stm32f401.elf.dir/D_/Self_development/stm32f401/Sw_Components/02_Srv/main.c.obj
 .bss           0x00000000        0x0 CMakeFiles/stm32f401.elf.dir/D_/Self_development/stm32f401/Sw_Components/02_Srv/main.c.obj
 .text          0x00000000        0x0 CMakeFiles/stm32f401.elf.dir/D_/Self_development/stm32f401/Sw_Components/05_Mcu/core_init/system_stm32f4xx.c.obj
 .data          0x00000000        0x0 CMakeFiles/stm32f401.elf.dir/D_/Self_development/stm32f401/Sw_Components/05_Mcu/core_init/system_stm32f4xx.c.obj
 .bss           0x00000000        0x0 CMakeFiles/stm32f401.elf.dir/D_/Self_development/stm32f401/Sw_Components/05_Mcu/core_init/system_stm32f4xx.c.obj
 .data.SystemCoreClock
                0x00000000        0x4 CMakeFiles/stm32f401.elf.dir/D_/Self_development/stm32f401/Sw_Components/05_Mcu/core_init/system_stm32f4xx.c.obj
 .rodata.AHBPrescTable
                0x00000000       0x10 CMakeFiles/stm32f401.elf.dir/D_/Self_development/stm32f401/Sw_Components/05_Mcu/core_init/system_stm32f4xx.c.obj
 .rodata.APBPrescTable
                0x00000000        0x8 CMakeFiles/stm32f401.elf.dir/D_/Self_development/stm32f401/Sw_Components/05_Mcu/core_init/system_stm32f4xx.c.obj
 .text.SystemCoreClockUpdate
                0x00000000      0x100 CMakeFiles/stm32f401.elf.dir/D_/Self_development/stm32f401/Sw_Components/05_Mcu/core_init/system_stm32f4xx.c.obj
 .text          0x00000000       0x14 CMakeFiles/stm32f401.elf.dir/D_/Self_development/stm32f401/Sw_Components/05_Mcu/startup/startup_stm32f401ccux.s.obj
 .data          0x00000000        0x0 CMakeFiles/stm32f401.elf.dir/D_/Self_development/stm32f401/Sw_Components/05_Mcu/startup/startup_stm32f401ccux.s.obj
 .bss           0x00000000        0x0 CMakeFiles/stm32f401.elf.dir/D_/Self_development/stm32f401/Sw_Components/05_Mcu/startup/startup_stm32f401ccux.s.obj
 .text          0x00000000        0x0 d:/programy/arm_toolchain/10_2021_10/bin/../lib/gcc/arm-none-eabi/10.3.1/../../../../arm-none-eabi/lib/thumb/v7e-m+fp/hard\libg.a(lib_a-exit.o)
 .data          0x00000000        0x0 d:/programy/arm_toolchain/10_2021_10/bin/../lib/gcc/arm-none-eabi/10.3.1/../../../../arm-none-eabi/lib/thumb/v7e-m+fp/hard\libg.a(lib_a-exit.o)
 .bss           0x00000000        0x0 d:/programy/arm_toolchain/10_2021_10/bin/../lib/gcc/arm-none-eabi/10.3.1/../../../../arm-none-eabi/lib/thumb/v7e-m+fp/hard\libg.a(lib_a-exit.o)
 .text.exit     0x00000000       0x20 d:/programy/arm_toolchain/10_2021_10/bin/../lib/gcc/arm-none-eabi/10.3.1/../../../../arm-none-eabi/lib/thumb/v7e-m+fp/hard\libg.a(lib_a-exit.o)
 .debug_frame   0x00000000       0x28 d:/programy/arm_toolchain/10_2021_10/bin/../lib/gcc/arm-none-eabi/10.3.1/../../../../arm-none-eabi/lib/thumb/v7e-m+fp/hard\libg.a(lib_a-exit.o)
 .ARM.attributes
                0x00000000       0x34 d:/programy/arm_toolchain/10_2021_10/bin/../lib/gcc/arm-none-eabi/10.3.1/../../../../arm-none-eabi/lib/thumb/v7e-m+fp/hard\libg.a(lib_a-exit.o)
 .text          0x00000000        0x0 d:/programy/arm_toolchain/10_2021_10/bin/../lib/gcc/arm-none-eabi/10.3.1/../../../../arm-none-eabi/lib/thumb/v7e-m+fp/hard\libg.a(lib_a-impure.o)
 .data          0x00000000        0x0 d:/programy/arm_toolchain/10_2021_10/bin/../lib/gcc/arm-none-eabi/10.3.1/../../../../arm-none-eabi/lib/thumb/v7e-m+fp/hard\libg.a(lib_a-impure.o)
 .bss           0x00000000        0x0 d:/programy/arm_toolchain/10_2021_10/bin/../lib/gcc/arm-none-eabi/10.3.1/../../../../arm-none-eabi/lib/thumb/v7e-m+fp/hard\libg.a(lib_a-impure.o)
 .data._impure_ptr
                0x00000000        0x4 d:/programy/arm_toolchain/10_2021_10/bin/../lib/gcc/arm-none-eabi/10.3.1/../../../../arm-none-eabi/lib/thumb/v7e-m+fp/hard\libg.a(lib_a-impure.o)
 .text          0x00000000        0x0 d:/programy/arm_toolchain/10_2021_10/bin/../lib/gcc/arm-none-eabi/10.3.1/../../../../arm-none-eabi/lib/thumb/v7e-m+fp/hard\libg.a(lib_a-init.o)
 .data          0x00000000        0x0 d:/programy/arm_toolchain/10_2021_10/bin/../lib/gcc/arm-none-eabi/10.3.1/../../../../arm-none-eabi/lib/thumb/v7e-m+fp/hard\libg.a(lib_a-init.o)
 .bss           0x00000000        0x0 d:/programy/arm_toolchain/10_2021_10/bin/../lib/gcc/arm-none-eabi/10.3.1/../../../../arm-none-eabi/lib/thumb/v7e-m+fp/hard\libg.a(lib_a-init.o)
 .text          0x00000000        0x0 d:/programy/arm_toolchain/10_2021_10/bin/../lib/gcc/arm-none-eabi/10.3.1/../../../../arm-none-eabi/lib/thumb/v7e-m+fp/hard\libg.a(lib_a-memset.o)
 .data          0x00000000        0x0 d:/programy/arm_toolchain/10_2021_10/bin/../lib/gcc/arm-none-eabi/10.3.1/../../../../arm-none-eabi/lib/thumb/v7e-m+fp/hard\libg.a(lib_a-memset.o)
 .bss           0x00000000        0x0 d:/programy/arm_toolchain/10_2021_10/bin/../lib/gcc/arm-none-eabi/10.3.1/../../../../arm-none-eabi/lib/thumb/v7e-m+fp/hard\libg.a(lib_a-memset.o)
 .text.memset   0x00000000       0xa4 d:/programy/arm_toolchain/10_2021_10/bin/../lib/gcc/arm-none-eabi/10.3.1/../../../../arm-none-eabi/lib/thumb/v7e-m+fp/hard\libg.a(lib_a-memset.o)
 .debug_frame   0x00000000       0x2c d:/programy/arm_toolchain/10_2021_10/bin/../lib/gcc/arm-none-eabi/10.3.1/../../../../arm-none-eabi/lib/thumb/v7e-m+fp/hard\libg.a(lib_a-memset.o)
 .ARM.attributes
                0x00000000       0x34 d:/programy/arm_toolchain/10_2021_10/bin/../lib/gcc/arm-none-eabi/10.3.1/../../../../arm-none-eabi/lib/thumb/v7e-m+fp/hard\libg.a(lib_a-memset.o)
 .text          0x00000000        0x0 d:/programy/arm_toolchain/10_2021_10/bin/../lib/gcc/arm-none-eabi/10.3.1/../../../../arm-none-eabi/lib/thumb/v7e-m+fp/hard\libg.a(lib_a-__call_atexit.o)
 .data          0x00000000        0x0 d:/programy/arm_toolchain/10_2021_10/bin/../lib/gcc/arm-none-eabi/10.3.1/../../../../arm-none-eabi/lib/thumb/v7e-m+fp/hard\libg.a(lib_a-__call_atexit.o)
 .bss           0x00000000        0x0 d:/programy/arm_toolchain/10_2021_10/bin/../lib/gcc/arm-none-eabi/10.3.1/../../../../arm-none-eabi/lib/thumb/v7e-m+fp/hard\libg.a(lib_a-__call_atexit.o)
 .text.__call_exitprocs
                0x00000000       0xcc d:/programy/arm_toolchain/10_2021_10/bin/../lib/gcc/arm-none-eabi/10.3.1/../../../../arm-none-eabi/lib/thumb/v7e-m+fp/hard\libg.a(lib_a-__call_atexit.o)
 .text          0x00000000        0x0 d:/programy/arm_toolchain/10_2021_10/bin/../lib/gcc/arm-none-eabi/10.3.1/../../../../arm-none-eabi/lib/thumb/v7e-m+fp/hard\libg.a(lib_a-atexit.o)
 .data          0x00000000        0x0 d:/programy/arm_toolchain/10_2021_10/bin/../lib/gcc/arm-none-eabi/10.3.1/../../../../arm-none-eabi/lib/thumb/v7e-m+fp/hard\libg.a(lib_a-atexit.o)
 .bss           0x00000000        0x0 d:/programy/arm_toolchain/10_2021_10/bin/../lib/gcc/arm-none-eabi/10.3.1/../../../../arm-none-eabi/lib/thumb/v7e-m+fp/hard\libg.a(lib_a-atexit.o)
 .text          0x00000000        0x0 d:/programy/arm_toolchain/10_2021_10/bin/../lib/gcc/arm-none-eabi/10.3.1/../../../../arm-none-eabi/lib/thumb/v7e-m+fp/hard\libg.a(lib_a-fini.o)
 .data          0x00000000        0x0 d:/programy/arm_toolchain/10_2021_10/bin/../lib/gcc/arm-none-eabi/10.3.1/../../../../arm-none-eabi/lib/thumb/v7e-m+fp/hard\libg.a(lib_a-fini.o)
 .bss           0x00000000        0x0 d:/programy/arm_toolchain/10_2021_10/bin/../lib/gcc/arm-none-eabi/10.3.1/../../../../arm-none-eabi/lib/thumb/v7e-m+fp/hard\libg.a(lib_a-fini.o)
 .text          0x00000000        0x0 d:/programy/arm_toolchain/10_2021_10/bin/../lib/gcc/arm-none-eabi/10.3.1/../../../../arm-none-eabi/lib/thumb/v7e-m+fp/hard\libg.a(lib_a-lock.o)
 .data          0x00000000        0x0 d:/programy/arm_toolchain/10_2021_10/bin/../lib/gcc/arm-none-eabi/10.3.1/../../../../arm-none-eabi/lib/thumb/v7e-m+fp/hard\libg.a(lib_a-lock.o)
 .bss           0x00000000        0x0 d:/programy/arm_toolchain/10_2021_10/bin/../lib/gcc/arm-none-eabi/10.3.1/../../../../arm-none-eabi/lib/thumb/v7e-m+fp/hard\libg.a(lib_a-lock.o)
 .text.__retarget_lock_init
                0x00000000        0x4 d:/programy/arm_toolchain/10_2021_10/bin/../lib/gcc/arm-none-eabi/10.3.1/../../../../arm-none-eabi/lib/thumb/v7e-m+fp/hard\libg.a(lib_a-lock.o)
 .text.__retarget_lock_init_recursive
                0x00000000        0x4 d:/programy/arm_toolchain/10_2021_10/bin/../lib/gcc/arm-none-eabi/10.3.1/../../../../arm-none-eabi/lib/thumb/v7e-m+fp/hard\libg.a(lib_a-lock.o)
 .text.__retarget_lock_close
                0x00000000        0x4 d:/programy/arm_toolchain/10_2021_10/bin/../lib/gcc/arm-none-eabi/10.3.1/../../../../arm-none-eabi/lib/thumb/v7e-m+fp/hard\libg.a(lib_a-lock.o)
 .text.__retarget_lock_close_recursive
                0x00000000        0x4 d:/programy/arm_toolchain/10_2021_10/bin/../lib/gcc/arm-none-eabi/10.3.1/../../../../arm-none-eabi/lib/thumb/v7e-m+fp/hard\libg.a(lib_a-lock.o)
 .text.__retarget_lock_acquire
                0x00000000        0x4 d:/programy/arm_toolchain/10_2021_10/bin/../lib/gcc/arm-none-eabi/10.3.1/../../../../arm-none-eabi/lib/thumb/v7e-m+fp/hard\libg.a(lib_a-lock.o)
 .text.__retarget_lock_try_acquire
                0x00000000        0x4 d:/programy/arm_toolchain/10_2021_10/bin/../lib/gcc/arm-none-eabi/10.3.1/../../../../arm-none-eabi/lib/thumb/v7e-m+fp/hard\libg.a(lib_a-lock.o)
 .text.__retarget_lock_try_acquire_recursive
                0x00000000        0x4 d:/programy/arm_toolchain/10_2021_10/bin/../lib/gcc/arm-none-eabi/10.3.1/../../../../arm-none-eabi/lib/thumb/v7e-m+fp/hard\libg.a(lib_a-lock.o)
 .text.__retarget_lock_release
                0x00000000        0x4 d:/programy/arm_toolchain/10_2021_10/bin/../lib/gcc/arm-none-eabi/10.3.1/../../../../arm-none-eabi/lib/thumb/v7e-m+fp/hard\libg.a(lib_a-lock.o)
 .bss.__lock___arc4random_mutex
                0x00000000        0x1 d:/programy/arm_toolchain/10_2021_10/bin/../lib/gcc/arm-none-eabi/10.3.1/../../../../arm-none-eabi/lib/thumb/v7e-m+fp/hard\libg.a(lib_a-lock.o)
 .bss.__lock___at_quick_exit_mutex
                0x00000000        0x1 d:/programy/arm_toolchain/10_2021_10/bin/../lib/gcc/arm-none-eabi/10.3.1/../../../../arm-none-eabi/lib/thumb/v7e-m+fp/hard\libg.a(lib_a-lock.o)
 .bss.__lock___dd_hash_mutex
                0x00000000        0x1 d:/programy/arm_toolchain/10_2021_10/bin/../lib/gcc/arm-none-eabi/10.3.1/../../../../arm-none-eabi/lib/thumb/v7e-m+fp/hard\libg.a(lib_a-lock.o)
 .bss.__lock___env_recursive_mutex
                0x00000000        0x1 d:/programy/arm_toolchain/10_2021_10/bin/../lib/gcc/arm-none-eabi/10.3.1/../../../../arm-none-eabi/lib/thumb/v7e-m+fp/hard\libg.a(lib_a-lock.o)
 .bss.__lock___malloc_recursive_mutex
                0x00000000        0x1 d:/programy/arm_toolchain/10_2021_10/bin/../lib/gcc/arm-none-eabi/10.3.1/../../../../arm-none-eabi/lib/thumb/v7e-m+fp/hard\libg.a(lib_a-lock.o)
 .bss.__lock___sfp_recursive_mutex
                0x00000000        0x1 d:/programy/arm_toolchain/10_2021_10/bin/../lib/gcc/arm-none-eabi/10.3.1/../../../../arm-none-eabi/lib/thumb/v7e-m+fp/hard\libg.a(lib_a-lock.o)
 .bss.__lock___sinit_recursive_mutex
                0x00000000        0x1 d:/programy/arm_toolchain/10_2021_10/bin/../lib/gcc/arm-none-eabi/10.3.1/../../../../arm-none-eabi/lib/thumb/v7e-m+fp/hard\libg.a(lib_a-lock.o)
 .bss.__lock___tz_mutex
                0x00000000        0x1 d:/programy/arm_toolchain/10_2021_10/bin/../lib/gcc/arm-none-eabi/10.3.1/../../../../arm-none-eabi/lib/thumb/v7e-m+fp/hard\libg.a(lib_a-lock.o)
 .text          0x00000000        0x0 d:/programy/arm_toolchain/10_2021_10/bin/../lib/gcc/arm-none-eabi/10.3.1/../../../../arm-none-eabi/lib/thumb/v7e-m+fp/hard\libg.a(lib_a-__atexit.o)
 .data          0x00000000        0x0 d:/programy/arm_toolchain/10_2021_10/bin/../lib/gcc/arm-none-eabi/10.3.1/../../../../arm-none-eabi/lib/thumb/v7e-m+fp/hard\libg.a(lib_a-__atexit.o)
 .bss           0x00000000        0x0 d:/programy/arm_toolchain/10_2021_10/bin/../lib/gcc/arm-none-eabi/10.3.1/../../../../arm-none-eabi/lib/thumb/v7e-m+fp/hard\libg.a(lib_a-__atexit.o)
 .text          0x00000000        0x0 d:/programy/arm_toolchain/10_2021_10/bin/../lib/gcc/arm-none-eabi/10.3.1/thumb/v7e-m+fp/hard/crtend.o
 .data          0x00000000        0x0 d:/programy/arm_toolchain/10_2021_10/bin/../lib/gcc/arm-none-eabi/10.3.1/thumb/v7e-m+fp/hard/crtend.o
 .bss           0x00000000        0x0 d:/programy/arm_toolchain/10_2021_10/bin/../lib/gcc/arm-none-eabi/10.3.1/thumb/v7e-m+fp/hard/crtend.o
 .rodata        0x00000000       0x24 d:/programy/arm_toolchain/10_2021_10/bin/../lib/gcc/arm-none-eabi/10.3.1/thumb/v7e-m+fp/hard/crtend.o
 .eh_frame      0x00000000        0x4 d:/programy/arm_toolchain/10_2021_10/bin/../lib/gcc/arm-none-eabi/10.3.1/thumb/v7e-m+fp/hard/crtend.o
 .ARM.attributes
                0x00000000       0x34 d:/programy/arm_toolchain/10_2021_10/bin/../lib/gcc/arm-none-eabi/10.3.1/thumb/v7e-m+fp/hard/crtend.o
 .text          0x00000000        0x0 d:/programy/arm_toolchain/10_2021_10/bin/../lib/gcc/arm-none-eabi/10.3.1/thumb/v7e-m+fp/hard/crtn.o
 .data          0x00000000        0x0 d:/programy/arm_toolchain/10_2021_10/bin/../lib/gcc/arm-none-eabi/10.3.1/thumb/v7e-m+fp/hard/crtn.o
 .bss           0x00000000        0x0 d:/programy/arm_toolchain/10_2021_10/bin/../lib/gcc/arm-none-eabi/10.3.1/thumb/v7e-m+fp/hard/crtn.o

Memory Configuration

Name             Origin             Length             Attributes
RAM              0x20000000         0x00010000         xrw
FLASH            0x08000000         0x00040000         xr
*default*        0x00000000         0xffffffff

Linker script and memory map

LOAD d:/programy/arm_toolchain/10_2021_10/bin/../lib/gcc/arm-none-eabi/10.3.1/thumb/v7e-m+fp/hard/crtfastmath.o
LOAD d:/programy/arm_toolchain/10_2021_10/bin/../lib/gcc/arm-none-eabi/10.3.1/thumb/v7e-m+fp/hard/crti.o
LOAD d:/programy/arm_toolchain/10_2021_10/bin/../lib/gcc/arm-none-eabi/10.3.1/thumb/v7e-m+fp/hard/crtbegin.o
LOAD d:/programy/arm_toolchain/10_2021_10/bin/../lib/gcc/arm-none-eabi/10.3.1/../../../../arm-none-eabi/lib/thumb/v7e-m+fp/hard/crt0.o
LOAD CMakeFiles/stm32f401.elf.dir/D_/Self_development/stm32f401/Sw_Components/02_Srv/main.c.obj
LOAD CMakeFiles/stm32f401.elf.dir/D_/Self_development/stm32f401/Sw_Components/05_Mcu/core_init/system_stm32f4xx.c.obj
LOAD CMakeFiles/stm32f401.elf.dir/D_/Self_development/stm32f401/Sw_Components/05_Mcu/startup/startup_stm32f401ccux.s.obj
START GROUP
LOAD d:/programy/arm_toolchain/10_2021_10/bin/../lib/gcc/arm-none-eabi/10.3.1/thumb/v7e-m+fp/hard\libgcc.a
LOAD d:/programy/arm_toolchain/10_2021_10/bin/../lib/gcc/arm-none-eabi/10.3.1/../../../../arm-none-eabi/lib/thumb/v7e-m+fp/hard\libg.a
LOAD d:/programy/arm_toolchain/10_2021_10/bin/../lib/gcc/arm-none-eabi/10.3.1/../../../../arm-none-eabi/lib/thumb/v7e-m+fp/hard\libc.a
END GROUP
LOAD d:/programy/arm_toolchain/10_2021_10/bin/../lib/gcc/arm-none-eabi/10.3.1/thumb/v7e-m+fp/hard/crtend.o
LOAD d:/programy/arm_toolchain/10_2021_10/bin/../lib/gcc/arm-none-eabi/10.3.1/thumb/v7e-m+fp/hard/crtn.o
                0x20010000                _estack = (ORIGIN (RAM) + LENGTH (RAM))
                0x00000200                _Min_Heap_Size = 0x200
                0x00000400                _Min_Stack_Size = 0x400

.isr_vector     0x08000000      0x194
                0x08000000                . = ALIGN (0x4)
 *(.isr_vector)
 .isr_vector    0x08000000      0x194 CMakeFiles/stm32f401.elf.dir/D_/Self_development/stm32f401/Sw_Components/05_Mcu/startup/startup_stm32f401ccux.s.obj
                0x08000000                g_pfnVectors
                0x08000194                . = ALIGN (0x4)

.text           0x08000194      0x210
                0x08000194                . = ALIGN (0x4)
 *(.text)
 .text          0x08000194       0x40 d:/programy/arm_toolchain/10_2021_10/bin/../lib/gcc/arm-none-eabi/10.3.1/thumb/v7e-m+fp/hard/crtbegin.o
 *(.text*)
 .text.startup  0x080001d4       0x10 d:/programy/arm_toolchain/10_2021_10/bin/../lib/gcc/arm-none-eabi/10.3.1/thumb/v7e-m+fp/hard/crtfastmath.o
 .text.main     0x080001e4        0x6 CMakeFiles/stm32f401.elf.dir/D_/Self_development/stm32f401/Sw_Components/02_Srv/main.c.obj
                0x080001e4                main
 *fill*         0x080001ea        0x2 
 .text.SystemInit
                0x080001ec       0x24 CMakeFiles/stm32f401.elf.dir/D_/Self_development/stm32f401/Sw_Components/05_Mcu/core_init/system_stm32f4xx.c.obj
                0x080001ec                SystemInit
 .text.Reset_Handler
                0x08000210       0x50 CMakeFiles/stm32f401.elf.dir/D_/Self_development/stm32f401/Sw_Components/05_Mcu/startup/startup_stm32f401ccux.s.obj
                0x08000210                Reset_Handler
 .text.Default_Handler
                0x08000260        0x2 CMakeFiles/stm32f401.elf.dir/D_/Self_development/stm32f401/Sw_Components/05_Mcu/startup/startup_stm32f401ccux.s.obj
                0x08000260                RTC_Alarm_IRQHandler
                0x08000260                EXTI2_IRQHandler
                0x08000260                DebugMon_Handler
                0x08000260                SPI4_IRQHandler
                0x08000260                TIM1_CC_IRQHandler
                0x08000260                DMA2_Stream5_IRQHandler
                0x08000260                HardFault_Handler
                0x08000260                DMA1_Stream5_IRQHandler
                0x08000260                SysTick_Handler
                0x08000260                PVD_IRQHandler
                0x08000260                SDIO_IRQHandler
                0x08000260                TAMP_STAMP_IRQHandler
                0x08000260                PendSV_Handler
                0x08000260                NMI_Handler
                0x08000260                EXTI3_IRQHandler
                0x08000260                TIM1_UP_TIM10_IRQHandler
                0x08000260                I2C3_ER_IRQHandler
                0x08000260                EXTI0_IRQHandler
                0x08000260                I2C2_EV_IRQHandler
                0x08000260                DMA1_Stream2_IRQHandler
                0x08000260                FPU_IRQHandler
                0x08000260                UsageFault_Handler
                0x08000260                DMA2_Stream2_IRQHandler
                0x08000260                SPI1_IRQHandler
                0x08000260                TIM1_BRK_TIM9_IRQHandler
                0x08000260                DMA2_Stream3_IRQHandler
                0x08000260                USART6_IRQHandler
                0x08000260                DMA2_Stream0_IRQHandler
                0x08000260                TIM4_IRQHandler
                0x08000260                I2C1_EV_IRQHandler
                0x08000260                DMA1_Stream6_IRQHandler
                0x08000260                DMA1_Stream1_IRQHandler
                0x08000260                TIM3_IRQHandler
                0x08000260                RCC_IRQHandler
                0x08000260                Default_Handler
                0x08000260                EXTI15_10_IRQHandler
                0x08000260                ADC_IRQHandler
                0x08000260                DMA1_Stream7_IRQHandler
                0x08000260                TIM5_IRQHandler
                0x08000260                DMA2_Stream7_IRQHandler
                0x08000260                I2C3_EV_IRQHandler
                0x08000260                EXTI9_5_IRQHandler
                0x08000260                RTC_WKUP_IRQHandler
                0x08000260                SPI2_IRQHandler
                0x08000260                MemManage_Handler
                0x08000260                DMA1_Stream0_IRQHandler
                0x08000260                SVC_Handler
                0x08000260                EXTI4_IRQHandler
                0x08000260                WWDG_IRQHandler
                0x08000260                TIM2_IRQHandler
                0x08000260                OTG_FS_WKUP_IRQHandler
                0x08000260                TIM1_TRG_COM_TIM11_IRQHandler
                0x08000260                EXTI1_IRQHandler
                0x08000260                USART2_IRQHandler
                0x08000260                I2C2_ER_IRQHandler
                0x08000260                DMA2_Stream1_IRQHandler
                0x08000260                FLASH_IRQHandler
                0x08000260                DMA2_Stream4_IRQHandler
                0x08000260                BusFault_Handler
                0x08000260                USART1_IRQHandler
                0x08000260                OTG_FS_IRQHandler
                0x08000260                SPI3_IRQHandler
                0x08000260                DMA1_Stream4_IRQHandler
                0x08000260                I2C1_ER_IRQHandler
                0x08000260                DMA2_Stream6_IRQHandler
                0x08000260                DMA1_Stream3_IRQHandler
 *fill*         0x08000262        0x2 
 .text.__libc_init_array
                0x08000264       0x48 d:/programy/arm_toolchain/10_2021_10/bin/../lib/gcc/arm-none-eabi/10.3.1/../../../../arm-none-eabi/lib/thumb/v7e-m+fp/hard\libg.a(lib_a-init.o)
                0x08000264                __libc_init_array
 .text.startup.register_fini
                0x080002ac       0x14 d:/programy/arm_toolchain/10_2021_10/bin/../lib/gcc/arm-none-eabi/10.3.1/../../../../arm-none-eabi/lib/thumb/v7e-m+fp/hard\libg.a(lib_a-__call_atexit.o)
 .text.atexit   0x080002c0        0xc d:/programy/arm_toolchain/10_2021_10/bin/../lib/gcc/arm-none-eabi/10.3.1/../../../../arm-none-eabi/lib/thumb/v7e-m+fp/hard\libg.a(lib_a-atexit.o)
                0x080002c0                atexit
 .text.__libc_fini_array
                0x080002cc       0x2c d:/programy/arm_toolchain/10_2021_10/bin/../lib/gcc/arm-none-eabi/10.3.1/../../../../arm-none-eabi/lib/thumb/v7e-m+fp/hard\libg.a(lib_a-fini.o)
                0x080002cc                __libc_fini_array
 .text.__retarget_lock_acquire_recursive
                0x080002f8        0x4 d:/programy/arm_toolchain/10_2021_10/bin/../lib/gcc/arm-none-eabi/10.3.1/../../../../arm-none-eabi/lib/thumb/v7e-m+fp/hard\libg.a(lib_a-lock.o)
                0x080002f8                __retarget_lock_acquire_recursive
 .text.__retarget_lock_release_recursive
                0x080002fc        0x4 d:/programy/arm_toolchain/10_2021_10/bin/../lib/gcc/arm-none-eabi/10.3.1/../../../../arm-none-eabi/lib/thumb/v7e-m+fp/hard\libg.a(lib_a-lock.o)
                0x080002fc                __retarget_lock_release_recursive
 .text.__register_exitproc
                0x08000300       0x8c d:/programy/arm_toolchain/10_2021_10/bin/../lib/gcc/arm-none-eabi/10.3.1/../../../../arm-none-eabi/lib/thumb/v7e-m+fp/hard\libg.a(lib_a-__atexit.o)
                0x08000300                __register_exitproc
 *(.glue_7)
 .glue_7        0x0800038c        0x0 linker stubs
 *(.glue_7t)
 .glue_7t       0x0800038c        0x0 linker stubs
 *(.eh_frame)
 .eh_frame      0x0800038c        0x0 d:/programy/arm_toolchain/10_2021_10/bin/../lib/gcc/arm-none-eabi/10.3.1/thumb/v7e-m+fp/hard/crtbegin.o
 *(.init)
 .init          0x0800038c        0x4 d:/programy/arm_toolchain/10_2021_10/bin/../lib/gcc/arm-none-eabi/10.3.1/thumb/v7e-m+fp/hard/crti.o
                0x0800038c                _init
 .init          0x08000390        0x8 d:/programy/arm_toolchain/10_2021_10/bin/../lib/gcc/arm-none-eabi/10.3.1/thumb/v7e-m+fp/hard/crtn.o
 *(.fini)
 .fini          0x08000398        0x4 d:/programy/arm_toolchain/10_2021_10/bin/../lib/gcc/arm-none-eabi/10.3.1/thumb/v7e-m+fp/hard/crti.o
                0x08000398                _fini
 .fini          0x0800039c        0x8 d:/programy/arm_toolchain/10_2021_10/bin/../lib/gcc/arm-none-eabi/10.3.1/thumb/v7e-m+fp/hard/crtn.o
                0x080003a4                . = ALIGN (0x4)
                0x080003a4                _etext = .

.vfp11_veneer   0x080003a4        0x0
 .vfp11_veneer  0x080003a4        0x0 linker stubs

.v4_bx          0x080003a4        0x0
 .v4_bx         0x080003a4        0x0 linker stubs

.iplt           0x080003a4        0x0
 .iplt          0x080003a4        0x0 d:/programy/arm_toolchain/10_2021_10/bin/../lib/gcc/arm-none-eabi/10.3.1/thumb/v7e-m+fp/hard/crtfastmath.o

.rodata         0x080003a4        0x4
                0x080003a4                . = ALIGN (0x4)
 *(.rodata)
 *(.rodata*)
 .rodata._global_impure_ptr
                0x080003a4        0x4 d:/programy/arm_toolchain/10_2021_10/bin/../lib/gcc/arm-none-eabi/10.3.1/../../../../arm-none-eabi/lib/thumb/v7e-m+fp/hard\libg.a(lib_a-impure.o)
                0x080003a4                _global_impure_ptr
                0x080003a8                . = ALIGN (0x4)

.rel.dyn        0x080003a8        0x0
 .rel.iplt      0x080003a8        0x0 d:/programy/arm_toolchain/10_2021_10/bin/../lib/gcc/arm-none-eabi/10.3.1/thumb/v7e-m+fp/hard/crtfastmath.o

.ARM.extab      0x080003a8        0x0
                0x080003a8                . = ALIGN (0x4)
 *(.ARM.extab* .gnu.linkonce.armextab.*)
                0x080003a8                . = ALIGN (0x4)

.ARM            0x080003a8        0x0
                0x080003a8                . = ALIGN (0x4)
                0x080003a8                __exidx_start = .
 *(.ARM.exidx*)
                0x080003a8                __exidx_end = .
                0x080003a8                . = ALIGN (0x4)

.preinit_array  0x080003a8        0x0
                0x080003a8                . = ALIGN (0x4)
                0x080003a8                PROVIDE (__preinit_array_start = .)
 *(.preinit_array*)
                0x080003a8                PROVIDE (__preinit_array_end = .)
                0x080003a8                . = ALIGN (0x4)

.init_array     0x080003a8        0xc
                0x080003a8                . = ALIGN (0x4)
                0x080003a8                PROVIDE (__init_array_start = .)
 *(SORT_BY_NAME(.init_array.*))
 .init_array.00000
                0x080003a8        0x4 d:/programy/arm_toolchain/10_2021_10/bin/../lib/gcc/arm-none-eabi/10.3.1/../../../../arm-none-eabi/lib/thumb/v7e-m+fp/hard\libg.a(lib_a-__call_atexit.o)
 *(.init_array*)
 .init_array    0x080003ac        0x4 d:/programy/arm_toolchain/10_2021_10/bin/../lib/gcc/arm-none-eabi/10.3.1/thumb/v7e-m+fp/hard/crtfastmath.o
 .init_array    0x080003b0        0x4 d:/programy/arm_toolchain/10_2021_10/bin/../lib/gcc/arm-none-eabi/10.3.1/thumb/v7e-m+fp/hard/crtbegin.o
                0x080003b4                PROVIDE (__init_array_end = .)
                0x080003b4                . = ALIGN (0x4)

.fini_array     0x080003b4        0x4
                0x080003b4                . = ALIGN (0x4)
                0x080003b4                PROVIDE (__fini_array_start = .)
 *(SORT_BY_NAME(.fini_array.*))
 *(.fini_array*)
 .fini_array    0x080003b4        0x4 d:/programy/arm_toolchain/10_2021_10/bin/../lib/gcc/arm-none-eabi/10.3.1/thumb/v7e-m+fp/hard/crtbegin.o
                0x080003b8                PROVIDE (__fini_array_end = .)
                0x080003b8                . = ALIGN (0x4)
                0x080003b8                _sidata = LOADADDR (.data)

.data           0x20000000      0x42c load address 0x080003b8
                0x20000000                . = ALIGN (0x4)
                0x20000000                _sdata = .
 *(.data)
 *(.data*)
 .data.impure_data
                0x20000000      0x428 d:/programy/arm_toolchain/10_2021_10/bin/../lib/gcc/arm-none-eabi/10.3.1/../../../../arm-none-eabi/lib/thumb/v7e-m+fp/hard\libg.a(lib_a-impure.o)
 .data.__atexit_recursive_mutex
                0x20000428        0x4 d:/programy/arm_toolchain/10_2021_10/bin/../lib/gcc/arm-none-eabi/10.3.1/../../../../arm-none-eabi/lib/thumb/v7e-m+fp/hard\libg.a(lib_a-__call_atexit.o)
                0x20000428                __atexit_recursive_mutex
 *(.RamFunc)
 *(.RamFunc*)
                0x2000042c                . = ALIGN (0x4)
                0x2000042c                _edata = .

.igot.plt       0x2000042c        0x0 load address 0x080007e4
 .igot.plt      0x2000042c        0x0 d:/programy/arm_toolchain/10_2021_10/bin/../lib/gcc/arm-none-eabi/10.3.1/thumb/v7e-m+fp/hard/crtfastmath.o
                0x2000042c                . = ALIGN (0x4)

.bss            0x2000042c       0x20 load address 0x080007e4
                0x2000042c                _sbss = .
                0x2000042c                __bss_start__ = _sbss
 *(.bss)
 .bss           0x2000042c       0x1c d:/programy/arm_toolchain/10_2021_10/bin/../lib/gcc/arm-none-eabi/10.3.1/thumb/v7e-m+fp/hard/crtbegin.o
 *(.bss*)
 .bss.__lock___atexit_recursive_mutex
                0x20000448        0x1 d:/programy/arm_toolchain/10_2021_10/bin/../lib/gcc/arm-none-eabi/10.3.1/../../../../arm-none-eabi/lib/thumb/v7e-m+fp/hard\libg.a(lib_a-lock.o)
                0x20000448                __lock___atexit_recursive_mutex
 *(COMMON)
                0x2000044c                . = ALIGN (0x4)
 *fill*         0x20000449        0x3 
                0x2000044c                _ebss = .
                0x2000044c                __bss_end__ = _ebss

._user_heap_stack
                0x2000044c      0x604 load address 0x080007e4
                0x20000450                . = ALIGN (0x8)
 *fill*         0x2000044c        0x4 
                [!provide]                PROVIDE (end = .)
                [!provide]                PROVIDE (_end = .)
                0x20000650                . = (. + _Min_Heap_Size)
 *fill*         0x20000450      0x200 
                0x20000a50                . = (. + _Min_Stack_Size)
 *fill*         0x20000650      0x400 
                0x20000a50                . = ALIGN (0x8)

/DISCARD/
 libc.a(*)
 libm.a(*)
 libgcc.a(*)

.ARM.attributes
                0x00000000       0x32
 *(.ARM.attributes)
 .ARM.attributes
                0x00000000       0x34 d:/programy/arm_toolchain/10_2021_10/bin/../lib/gcc/arm-none-eabi/10.3.1/thumb/v7e-m+fp/hard/crtfastmath.o
 .ARM.attributes
                0x00000034       0x1e d:/programy/arm_toolchain/10_2021_10/bin/../lib/gcc/arm-none-eabi/10.3.1/thumb/v7e-m+fp/hard/crti.o
 .ARM.attributes
                0x00000052       0x34 d:/programy/arm_toolchain/10_2021_10/bin/../lib/gcc/arm-none-eabi/10.3.1/thumb/v7e-m+fp/hard/crtbegin.o
 .ARM.attributes
                0x00000086       0x30 CMakeFiles/stm32f401.elf.dir/D_/Self_development/stm32f401/Sw_Components/02_Srv/main.c.obj
 .ARM.attributes
                0x000000b6       0x30 CMakeFiles/stm32f401.elf.dir/D_/Self_development/stm32f401/Sw_Components/05_Mcu/core_init/system_stm32f4xx.c.obj
 .ARM.attributes
                0x000000e6       0x21 CMakeFiles/stm32f401.elf.dir/D_/Self_development/stm32f401/Sw_Components/05_Mcu/startup/startup_stm32f401ccux.s.obj
 .ARM.attributes
                0x00000107       0x34 d:/programy/arm_toolchain/10_2021_10/bin/../lib/gcc/arm-none-eabi/10.3.1/../../../../arm-none-eabi/lib/thumb/v7e-m+fp/hard\libg.a(lib_a-impure.o)
 .ARM.attributes
                0x0000013b       0x34 d:/programy/arm_toolchain/10_2021_10/bin/../lib/gcc/arm-none-eabi/10.3.1/../../../../arm-none-eabi/lib/thumb/v7e-m+fp/hard\libg.a(lib_a-init.o)
 .ARM.attributes
                0x0000016f       0x34 d:/programy/arm_toolchain/10_2021_10/bin/../lib/gcc/arm-none-eabi/10.3.1/../../../../arm-none-eabi/lib/thumb/v7e-m+fp/hard\libg.a(lib_a-__call_atexit.o)
 .ARM.attributes
                0x000001a3       0x34 d:/programy/arm_toolchain/10_2021_10/bin/../lib/gcc/arm-none-eabi/10.3.1/../../../../arm-none-eabi/lib/thumb/v7e-m+fp/hard\libg.a(lib_a-atexit.o)
 .ARM.attributes
                0x000001d7       0x34 d:/programy/arm_toolchain/10_2021_10/bin/../lib/gcc/arm-none-eabi/10.3.1/../../../../arm-none-eabi/lib/thumb/v7e-m+fp/hard\libg.a(lib_a-fini.o)
 .ARM.attributes
                0x0000020b       0x34 d:/programy/arm_toolchain/10_2021_10/bin/../lib/gcc/arm-none-eabi/10.3.1/../../../../arm-none-eabi/lib/thumb/v7e-m+fp/hard\libg.a(lib_a-lock.o)
 .ARM.attributes
                0x0000023f       0x34 d:/programy/arm_toolchain/10_2021_10/bin/../lib/gcc/arm-none-eabi/10.3.1/../../../../arm-none-eabi/lib/thumb/v7e-m+fp/hard\libg.a(lib_a-__atexit.o)
 .ARM.attributes
                0x00000273       0x1e d:/programy/arm_toolchain/10_2021_10/bin/../lib/gcc/arm-none-eabi/10.3.1/thumb/v7e-m+fp/hard/crtn.o
OUTPUT(stm32f401.elf elf32-littlearm)
LOAD linker stubs
LOAD d:/programy/arm_toolchain/10_2021_10/bin/../lib/gcc/arm-none-eabi/10.3.1/../../../../arm-none-eabi/lib/thumb/v7e-m+fp/hard\libc.a
LOAD d:/programy/arm_toolchain/10_2021_10/bin/../lib/gcc/arm-none-eabi/10.3.1/../../../../arm-none-eabi/lib/thumb/v7e-m+fp/hard\libm.a
LOAD d:/programy/arm_toolchain/10_2021_10/bin/../lib/gcc/arm-none-eabi/10.3.1/thumb/v7e-m+fp/hard\libgcc.a

.debug_frame    0x00000000      0x26c
 .debug_frame   0x00000000       0x20 d:/programy/arm_toolchain/10_2021_10/bin/../lib/gcc/arm-none-eabi/10.3.1/thumb/v7e-m+fp/hard/crtfastmath.o
 .debug_frame   0x00000020       0x28 CMakeFiles/stm32f401.elf.dir/D_/Self_development/stm32f401/Sw_Components/02_Srv/main.c.obj
 .debug_frame   0x00000048       0x58 CMakeFiles/stm32f401.elf.dir/D_/Self_development/stm32f401/Sw_Components/05_Mcu/core_init/system_stm32f4xx.c.obj
 .debug_frame   0x000000a0       0x2c d:/programy/arm_toolchain/10_2021_10/bin/../lib/gcc/arm-none-eabi/10.3.1/../../../../arm-none-eabi/lib/thumb/v7e-m+fp/hard\libg.a(lib_a-init.o)
 .debug_frame   0x000000cc       0x68 d:/programy/arm_toolchain/10_2021_10/bin/../lib/gcc/arm-none-eabi/10.3.1/../../../../arm-none-eabi/lib/thumb/v7e-m+fp/hard\libg.a(lib_a-__call_atexit.o)
 .debug_frame   0x00000134       0x20 d:/programy/arm_toolchain/10_2021_10/bin/../lib/gcc/arm-none-eabi/10.3.1/../../../../arm-none-eabi/lib/thumb/v7e-m+fp/hard\libg.a(lib_a-atexit.o)
 .debug_frame   0x00000154       0x34 d:/programy/arm_toolchain/10_2021_10/bin/../lib/gcc/arm-none-eabi/10.3.1/../../../../arm-none-eabi/lib/thumb/v7e-m+fp/hard\libg.a(lib_a-fini.o)
 .debug_frame   0x00000188       0xb0 d:/programy/arm_toolchain/10_2021_10/bin/../lib/gcc/arm-none-eabi/10.3.1/../../../../arm-none-eabi/lib/thumb/v7e-m+fp/hard\libg.a(lib_a-lock.o)
 .debug_frame   0x00000238       0x34 d:/programy/arm_toolchain/10_2021_10/bin/../lib/gcc/arm-none-eabi/10.3.1/../../../../arm-none-eabi/lib/thumb/v7e-m+fp/hard\libg.a(lib_a-__atexit.o)

.debug_info     0x00000000      0x5a9
 .debug_info    0x00000000       0x43 CMakeFiles/stm32f401.elf.dir/D_/Self_development/stm32f401/Sw_Components/02_Srv/main.c.obj
 .debug_info    0x00000043      0x544 CMakeFiles/stm32f401.elf.dir/D_/Self_development/stm32f401/Sw_Components/05_Mcu/core_init/system_stm32f4xx.c.obj
 .debug_info    0x00000587       0x22 CMakeFiles/stm32f401.elf.dir/D_/Self_development/stm32f401/Sw_Components/05_Mcu/startup/startup_stm32f401ccux.s.obj

.debug_abbrev   0x00000000      0x160
 .debug_abbrev  0x00000000       0x3b CMakeFiles/stm32f401.elf.dir/D_/Self_development/stm32f401/Sw_Components/02_Srv/main.c.obj
 .debug_abbrev  0x0000003b      0x113 CMakeFiles/stm32f401.elf.dir/D_/Self_development/stm32f401/Sw_Components/05_Mcu/core_init/system_stm32f4xx.c.obj
 .debug_abbrev  0x0000014e       0x12 CMakeFiles/stm32f401.elf.dir/D_/Self_development/stm32f401/Sw_Components/05_Mcu/startup/startup_stm32f401ccux.s.obj

.debug_aranges  0x00000000       0x70
 .debug_aranges
                0x00000000       0x20 CMakeFiles/stm32f401.elf.dir/D_/Self_development/stm32f401/Sw_Components/02_Srv/main.c.obj
 .debug_aranges
                0x00000020       0x28 CMakeFiles/stm32f401.elf.dir/D_/Self_development/stm32f401/Sw_Components/05_Mcu/core_init/system_stm32f4xx.c.obj
 .debug_aranges
                0x00000048       0x28 CMakeFiles/stm32f401.elf.dir/D_/Self_development/stm32f401/Sw_Components/05_Mcu/startup/startup_stm32f401ccux.s.obj

.debug_ranges   0x00000000       0x48
 .debug_ranges  0x00000000       0x10 CMakeFiles/stm32f401.elf.dir/D_/Self_development/stm32f401/Sw_Components/02_Srv/main.c.obj
 .debug_ranges  0x00000010       0x18 CMakeFiles/stm32f401.elf.dir/D_/Self_development/stm32f401/Sw_Components/05_Mcu/core_init/system_stm32f4xx.c.obj
 .debug_ranges  0x00000028       0x20 CMakeFiles/stm32f401.elf.dir/D_/Self_development/stm32f401/Sw_Components/05_Mcu/startup/startup_stm32f401ccux.s.obj

.debug_line     0x00000000      0x382
 .debug_line    0x00000000       0x70 CMakeFiles/stm32f401.elf.dir/D_/Self_development/stm32f401/Sw_Components/02_Srv/main.c.obj
 .debug_line    0x00000070      0x25f CMakeFiles/stm32f401.elf.dir/D_/Self_development/stm32f401/Sw_Components/05_Mcu/core_init/system_stm32f4xx.c.obj
 .debug_line    0x000002cf       0xb3 CMakeFiles/stm32f401.elf.dir/D_/Self_development/stm32f401/Sw_Components/05_Mcu/startup/startup_stm32f401ccux.s.obj

.debug_str      0x00000000      0x3f4
 .debug_str     0x00000000      0x119 CMakeFiles/stm32f401.elf.dir/D_/Self_development/stm32f401/Sw_Components/02_Srv/main.c.obj
 .debug_str     0x00000119      0x27a CMakeFiles/stm32f401.elf.dir/D_/Self_development/stm32f401/Sw_Components/05_Mcu/core_init/system_stm32f4xx.c.obj
                                0x39e (size before relaxing)
 .debug_str     0x00000393       0x61 CMakeFiles/stm32f401.elf.dir/D_/Self_development/stm32f401/Sw_Components/05_Mcu/startup/startup_stm32f401ccux.s.obj
                                 0x8b (size before relaxing)

.comment        0x00000000       0x49
 .comment       0x00000000       0x49 CMakeFiles/stm32f401.elf.dir/D_/Self_development/stm32f401/Sw_Components/02_Srv/main.c.obj
                                 0x4a (size before relaxing)
 .comment       0x00000049       0x4a CMakeFiles/stm32f401.elf.dir/D_/Self_development/stm32f401/Sw_Components/05_Mcu/core_init/system_stm32f4xx.c.obj

Cross Reference Table

Symbol                                            File
ADC_IRQHandler                                    CMakeFiles/stm32f401.elf.dir/D_/Self_development/stm32f401/Sw_Components/05_Mcu/startup/startup_stm32f401ccux.s.obj
AHBPrescTable                                     CMakeFiles/stm32f401.elf.dir/D_/Self_development/stm32f401/Sw_Components/05_Mcu/core_init/system_stm32f4xx.c.obj
APBPrescTable                                     CMakeFiles/stm32f401.elf.dir/D_/Self_development/stm32f401/Sw_Components/05_Mcu/core_init/system_stm32f4xx.c.obj
BusFault_Handler                                  CMakeFiles/stm32f401.elf.dir/D_/Self_development/stm32f401/Sw_Components/05_Mcu/startup/startup_stm32f401ccux.s.obj
DMA1_Stream0_IRQHandler                           CMakeFiles/stm32f401.elf.dir/D_/Self_development/stm32f401/Sw_Components/05_Mcu/startup/startup_stm32f401ccux.s.obj
DMA1_Stream1_IRQHandler                           CMakeFiles/stm32f401.elf.dir/D_/Self_development/stm32f401/Sw_Components/05_Mcu/startup/startup_stm32f401ccux.s.obj
DMA1_Stream2_IRQHandler                           CMakeFiles/stm32f401.elf.dir/D_/Self_development/stm32f401/Sw_Components/05_Mcu/startup/startup_stm32f401ccux.s.obj
DMA1_Stream3_IRQHandler                           CMakeFiles/stm32f401.elf.dir/D_/Self_development/stm32f401/Sw_Components/05_Mcu/startup/startup_stm32f401ccux.s.obj
DMA1_Stream4_IRQHandler                           CMakeFiles/stm32f401.elf.dir/D_/Self_development/stm32f401/Sw_Components/05_Mcu/startup/startup_stm32f401ccux.s.obj
DMA1_Stream5_IRQHandler                           CMakeFiles/stm32f401.elf.dir/D_/Self_development/stm32f401/Sw_Components/05_Mcu/startup/startup_stm32f401ccux.s.obj
DMA1_Stream6_IRQHandler                           CMakeFiles/stm32f401.elf.dir/D_/Self_development/stm32f401/Sw_Components/05_Mcu/startup/startup_stm32f401ccux.s.obj
DMA1_Stream7_IRQHandler                           CMakeFiles/stm32f401.elf.dir/D_/Self_development/stm32f401/Sw_Components/05_Mcu/startup/startup_stm32f401ccux.s.obj
DMA2_Stream0_IRQHandler                           CMakeFiles/stm32f401.elf.dir/D_/Self_development/stm32f401/Sw_Components/05_Mcu/startup/startup_stm32f401ccux.s.obj
DMA2_Stream1_IRQHandler                           CMakeFiles/stm32f401.elf.dir/D_/Self_development/stm32f401/Sw_Components/05_Mcu/startup/startup_stm32f401ccux.s.obj
DMA2_Stream2_IRQHandler                           CMakeFiles/stm32f401.elf.dir/D_/Self_development/stm32f401/Sw_Components/05_Mcu/startup/startup_stm32f401ccux.s.obj
DMA2_Stream3_IRQHandler                           CMakeFiles/stm32f401.elf.dir/D_/Self_development/stm32f401/Sw_Components/05_Mcu/startup/startup_stm32f401ccux.s.obj
DMA2_Stream4_IRQHandler                           CMakeFiles/stm32f401.elf.dir/D_/Self_development/stm32f401/Sw_Components/05_Mcu/startup/startup_stm32f401ccux.s.obj
DMA2_Stream5_IRQHandler                           CMakeFiles/stm32f401.elf.dir/D_/Self_development/stm32f401/Sw_Components/05_Mcu/startup/startup_stm32f401ccux.s.obj
DMA2_Stream6_IRQHandler                           CMakeFiles/stm32f401.elf.dir/D_/Self_development/stm32f401/Sw_Components/05_Mcu/startup/startup_stm32f401ccux.s.obj
DMA2_Stream7_IRQHandler                           CMakeFiles/stm32f401.elf.dir/D_/Self_development/stm32f401/Sw_Components/05_Mcu/startup/startup_stm32f401ccux.s.obj
DebugMon_Handler                                  CMakeFiles/stm32f401.elf.dir/D_/Self_development/stm32f401/Sw_Components/05_Mcu/startup/startup_stm32f401ccux.s.obj
Default_Handler                                   CMakeFiles/stm32f401.elf.dir/D_/Self_development/stm32f401/Sw_Components/05_Mcu/startup/startup_stm32f401ccux.s.obj
EXTI0_IRQHandler                                  CMakeFiles/stm32f401.elf.dir/D_/Self_development/stm32f401/Sw_Components/05_Mcu/startup/startup_stm32f401ccux.s.obj
EXTI15_10_IRQHandler                              CMakeFiles/stm32f401.elf.dir/D_/Self_development/stm32f401/Sw_Components/05_Mcu/startup/startup_stm32f401ccux.s.obj
EXTI1_IRQHandler                                  CMakeFiles/stm32f401.elf.dir/D_/Self_development/stm32f401/Sw_Components/05_Mcu/startup/startup_stm32f401ccux.s.obj
EXTI2_IRQHandler                                  CMakeFiles/stm32f401.elf.dir/D_/Self_development/stm32f401/Sw_Components/05_Mcu/startup/startup_stm32f401ccux.s.obj
EXTI3_IRQHandler                                  CMakeFiles/stm32f401.elf.dir/D_/Self_development/stm32f401/Sw_Components/05_Mcu/startup/startup_stm32f401ccux.s.obj
EXTI4_IRQHandler                                  CMakeFiles/stm32f401.elf.dir/D_/Self_development/stm32f401/Sw_Components/05_Mcu/startup/startup_stm32f401ccux.s.obj
EXTI9_5_IRQHandler                                CMakeFiles/stm32f401.elf.dir/D_/Self_development/stm32f401/Sw_Components/05_Mcu/startup/startup_stm32f401ccux.s.obj
FLASH_IRQHandler                                  CMakeFiles/stm32f401.elf.dir/D_/Self_development/stm32f401/Sw_Components/05_Mcu/startup/startup_stm32f401ccux.s.obj
FPU_IRQHandler                                    CMakeFiles/stm32f401.elf.dir/D_/Self_development/stm32f401/Sw_Components/05_Mcu/startup/startup_stm32f401ccux.s.obj
HardFault_Handler                                 CMakeFiles/stm32f401.elf.dir/D_/Self_development/stm32f401/Sw_Components/05_Mcu/startup/startup_stm32f401ccux.s.obj
I2C1_ER_IRQHandler                                CMakeFiles/stm32f401.elf.dir/D_/Self_development/stm32f401/Sw_Components/05_Mcu/startup/startup_stm32f401ccux.s.obj
I2C1_EV_IRQHandler                                CMakeFiles/stm32f401.elf.dir/D_/Self_development/stm32f401/Sw_Components/05_Mcu/startup/startup_stm32f401ccux.s.obj
I2C2_ER_IRQHandler                                CMakeFiles/stm32f401.elf.dir/D_/Self_development/stm32f401/Sw_Components/05_Mcu/startup/startup_stm32f401ccux.s.obj
I2C2_EV_IRQHandler                                CMakeFiles/stm32f401.elf.dir/D_/Self_development/stm32f401/Sw_Components/05_Mcu/startup/startup_stm32f401ccux.s.obj
I2C3_ER_IRQHandler                                CMakeFiles/stm32f401.elf.dir/D_/Self_development/stm32f401/Sw_Components/05_Mcu/startup/startup_stm32f401ccux.s.obj
I2C3_EV_IRQHandler                                CMakeFiles/stm32f401.elf.dir/D_/Self_development/stm32f401/Sw_Components/05_Mcu/startup/startup_stm32f401ccux.s.obj
MemManage_Handler                                 CMakeFiles/stm32f401.elf.dir/D_/Self_development/stm32f401/Sw_Components/05_Mcu/startup/startup_stm32f401ccux.s.obj
NMI_Handler                                       CMakeFiles/stm32f401.elf.dir/D_/Self_development/stm32f401/Sw_Components/05_Mcu/startup/startup_stm32f401ccux.s.obj
OTG_FS_IRQHandler                                 CMakeFiles/stm32f401.elf.dir/D_/Self_development/stm32f401/Sw_Components/05_Mcu/startup/startup_stm32f401ccux.s.obj
OTG_FS_WKUP_IRQHandler                            CMakeFiles/stm32f401.elf.dir/D_/Self_development/stm32f401/Sw_Components/05_Mcu/startup/startup_stm32f401ccux.s.obj
PVD_IRQHandler                                    CMakeFiles/stm32f401.elf.dir/D_/Self_development/stm32f401/Sw_Components/05_Mcu/startup/startup_stm32f401ccux.s.obj
PendSV_Handler                                    CMakeFiles/stm32f401.elf.dir/D_/Self_development/stm32f401/Sw_Components/05_Mcu/startup/startup_stm32f401ccux.s.obj
RCC_IRQHandler                                    CMakeFiles/stm32f401.elf.dir/D_/Self_development/stm32f401/Sw_Components/05_Mcu/startup/startup_stm32f401ccux.s.obj
RTC_Alarm_IRQHandler                              CMakeFiles/stm32f401.elf.dir/D_/Self_development/stm32f401/Sw_Components/05_Mcu/startup/startup_stm32f401ccux.s.obj
RTC_WKUP_IRQHandler                               CMakeFiles/stm32f401.elf.dir/D_/Self_development/stm32f401/Sw_Components/05_Mcu/startup/startup_stm32f401ccux.s.obj
Reset_Handler                                     CMakeFiles/stm32f401.elf.dir/D_/Self_development/stm32f401/Sw_Components/05_Mcu/startup/startup_stm32f401ccux.s.obj
SDIO_IRQHandler                                   CMakeFiles/stm32f401.elf.dir/D_/Self_development/stm32f401/Sw_Components/05_Mcu/startup/startup_stm32f401ccux.s.obj
SPI1_IRQHandler                                   CMakeFiles/stm32f401.elf.dir/D_/Self_development/stm32f401/Sw_Components/05_Mcu/startup/startup_stm32f401ccux.s.obj
SPI2_IRQHandler                                   CMakeFiles/stm32f401.elf.dir/D_/Self_development/stm32f401/Sw_Components/05_Mcu/startup/startup_stm32f401ccux.s.obj
SPI3_IRQHandler                                   CMakeFiles/stm32f401.elf.dir/D_/Self_development/stm32f401/Sw_Components/05_Mcu/startup/startup_stm32f401ccux.s.obj
SPI4_IRQHandler                                   CMakeFiles/stm32f401.elf.dir/D_/Self_development/stm32f401/Sw_Components/05_Mcu/startup/startup_stm32f401ccux.s.obj
SVC_Handler                                       CMakeFiles/stm32f401.elf.dir/D_/Self_development/stm32f401/Sw_Components/05_Mcu/startup/startup_stm32f401ccux.s.obj
SysTick_Handler                                   CMakeFiles/stm32f401.elf.dir/D_/Self_development/stm32f401/Sw_Components/05_Mcu/startup/startup_stm32f401ccux.s.obj
SystemCoreClock                                   CMakeFiles/stm32f401.elf.dir/D_/Self_development/stm32f401/Sw_Components/05_Mcu/core_init/system_stm32f4xx.c.obj
SystemCoreClockUpdate                             CMakeFiles/stm32f401.elf.dir/D_/Self_development/stm32f401/Sw_Components/05_Mcu/core_init/system_stm32f4xx.c.obj
SystemInit                                        CMakeFiles/stm32f401.elf.dir/D_/Self_development/stm32f401/Sw_Components/05_Mcu/core_init/system_stm32f4xx.c.obj
                                                  CMakeFiles/stm32f401.elf.dir/D_/Self_development/stm32f401/Sw_Components/05_Mcu/startup/startup_stm32f401ccux.s.obj
TAMP_STAMP_IRQHandler                             CMakeFiles/stm32f401.elf.dir/D_/Self_development/stm32f401/Sw_Components/05_Mcu/startup/startup_stm32f401ccux.s.obj
TIM1_BRK_TIM9_IRQHandler                          CMakeFiles/stm32f401.elf.dir/D_/Self_development/stm32f401/Sw_Components/05_Mcu/startup/startup_stm32f401ccux.s.obj
TIM1_CC_IRQHandler                                CMakeFiles/stm32f401.elf.dir/D_/Self_development/stm32f401/Sw_Components/05_Mcu/startup/startup_stm32f401ccux.s.obj
TIM1_TRG_COM_TIM11_IRQHandler                     CMakeFiles/stm32f401.elf.dir/D_/Self_development/stm32f401/Sw_Components/05_Mcu/startup/startup_stm32f401ccux.s.obj
TIM1_UP_TIM10_IRQHandler                          CMakeFiles/stm32f401.elf.dir/D_/Self_development/stm32f401/Sw_Components/05_Mcu/startup/startup_stm32f401ccux.s.obj
TIM2_IRQHandler                                   CMakeFiles/stm32f401.elf.dir/D_/Self_development/stm32f401/Sw_Components/05_Mcu/startup/startup_stm32f401ccux.s.obj
TIM3_IRQHandler                                   CMakeFiles/stm32f401.elf.dir/D_/Self_development/stm32f401/Sw_Components/05_Mcu/startup/startup_stm32f401ccux.s.obj
TIM4_IRQHandler                                   CMakeFiles/stm32f401.elf.dir/D_/Self_development/stm32f401/Sw_Components/05_Mcu/startup/startup_stm32f401ccux.s.obj
TIM5_IRQHandler                                   CMakeFiles/stm32f401.elf.dir/D_/Self_development/stm32f401/Sw_Components/05_Mcu/startup/startup_stm32f401ccux.s.obj
USART1_IRQHandler                                 CMakeFiles/stm32f401.elf.dir/D_/Self_development/stm32f401/Sw_Components/05_Mcu/startup/startup_stm32f401ccux.s.obj
USART2_IRQHandler                                 CMakeFiles/stm32f401.elf.dir/D_/Self_development/stm32f401/Sw_Components/05_Mcu/startup/startup_stm32f401ccux.s.obj
USART6_IRQHandler                                 CMakeFiles/stm32f401.elf.dir/D_/Self_development/stm32f401/Sw_Components/05_Mcu/startup/startup_stm32f401ccux.s.obj
UsageFault_Handler                                CMakeFiles/stm32f401.elf.dir/D_/Self_development/stm32f401/Sw_Components/05_Mcu/startup/startup_stm32f401ccux.s.obj
WWDG_IRQHandler                                   CMakeFiles/stm32f401.elf.dir/D_/Self_development/stm32f401/Sw_Components/05_Mcu/startup/startup_stm32f401ccux.s.obj
__atexit_recursive_mutex                          d:/programy/arm_toolchain/10_2021_10/bin/../lib/gcc/arm-none-eabi/10.3.1/../../../../arm-none-eabi/lib/thumb/v7e-m+fp/hard\libg.a(lib_a-__call_atexit.o)
                                                  d:/programy/arm_toolchain/10_2021_10/bin/../lib/gcc/arm-none-eabi/10.3.1/../../../../arm-none-eabi/lib/thumb/v7e-m+fp/hard\libg.a(lib_a-__atexit.o)
__bss_end__                                       d:/programy/arm_toolchain/10_2021_10/bin/../lib/gcc/arm-none-eabi/10.3.1/../../../../arm-none-eabi/lib/thumb/v7e-m+fp/hard/crt0.o
__bss_start__                                     d:/programy/arm_toolchain/10_2021_10/bin/../lib/gcc/arm-none-eabi/10.3.1/../../../../arm-none-eabi/lib/thumb/v7e-m+fp/hard/crt0.o
__call_exitprocs                                  d:/programy/arm_toolchain/10_2021_10/bin/../lib/gcc/arm-none-eabi/10.3.1/../../../../arm-none-eabi/lib/thumb/v7e-m+fp/hard\libg.a(lib_a-__call_atexit.o)
                                                  d:/programy/arm_toolchain/10_2021_10/bin/../lib/gcc/arm-none-eabi/10.3.1/../../../../arm-none-eabi/lib/thumb/v7e-m+fp/hard\libg.a(lib_a-exit.o)
__deregister_frame_info                           d:/programy/arm_toolchain/10_2021_10/bin/../lib/gcc/arm-none-eabi/10.3.1/thumb/v7e-m+fp/hard/crtbegin.o
__dso_handle                                      d:/programy/arm_toolchain/10_2021_10/bin/../lib/gcc/arm-none-eabi/10.3.1/thumb/v7e-m+fp/hard/crtbegin.o
__fini_array_end                                  d:/programy/arm_toolchain/10_2021_10/bin/../lib/gcc/arm-none-eabi/10.3.1/../../../../arm-none-eabi/lib/thumb/v7e-m+fp/hard\libg.a(lib_a-fini.o)
__fini_array_start                                d:/programy/arm_toolchain/10_2021_10/bin/../lib/gcc/arm-none-eabi/10.3.1/../../../../arm-none-eabi/lib/thumb/v7e-m+fp/hard\libg.a(lib_a-fini.o)
__init_array_end                                  d:/programy/arm_toolchain/10_2021_10/bin/../lib/gcc/arm-none-eabi/10.3.1/../../../../arm-none-eabi/lib/thumb/v7e-m+fp/hard\libg.a(lib_a-init.o)
__init_array_start                                d:/programy/arm_toolchain/10_2021_10/bin/../lib/gcc/arm-none-eabi/10.3.1/../../../../arm-none-eabi/lib/thumb/v7e-m+fp/hard\libg.a(lib_a-init.o)
__libc_fini                                       d:/programy/arm_toolchain/10_2021_10/bin/../lib/gcc/arm-none-eabi/10.3.1/../../../../arm-none-eabi/lib/thumb/v7e-m+fp/hard\libg.a(lib_a-__call_atexit.o)
__libc_fini_array                                 d:/programy/arm_toolchain/10_2021_10/bin/../lib/gcc/arm-none-eabi/10.3.1/../../../../arm-none-eabi/lib/thumb/v7e-m+fp/hard\libg.a(lib_a-fini.o)
                                                  d:/programy/arm_toolchain/10_2021_10/bin/../lib/gcc/arm-none-eabi/10.3.1/../../../../arm-none-eabi/lib/thumb/v7e-m+fp/hard\libg.a(lib_a-__call_atexit.o)
                                                  d:/programy/arm_toolchain/10_2021_10/bin/../lib/gcc/arm-none-eabi/10.3.1/../../../../arm-none-eabi/lib/thumb/v7e-m+fp/hard/crt0.o
__libc_init_array                                 d:/programy/arm_toolchain/10_2021_10/bin/../lib/gcc/arm-none-eabi/10.3.1/../../../../arm-none-eabi/lib/thumb/v7e-m+fp/hard\libg.a(lib_a-init.o)
                                                  CMakeFiles/stm32f401.elf.dir/D_/Self_development/stm32f401/Sw_Components/05_Mcu/startup/startup_stm32f401ccux.s.obj
                                                  d:/programy/arm_toolchain/10_2021_10/bin/../lib/gcc/arm-none-eabi/10.3.1/../../../../arm-none-eabi/lib/thumb/v7e-m+fp/hard/crt0.o
__lock___arc4random_mutex                         d:/programy/arm_toolchain/10_2021_10/bin/../lib/gcc/arm-none-eabi/10.3.1/../../../../arm-none-eabi/lib/thumb/v7e-m+fp/hard\libg.a(lib_a-lock.o)
__lock___at_quick_exit_mutex                      d:/programy/arm_toolchain/10_2021_10/bin/../lib/gcc/arm-none-eabi/10.3.1/../../../../arm-none-eabi/lib/thumb/v7e-m+fp/hard\libg.a(lib_a-lock.o)
__lock___atexit_recursive_mutex                   d:/programy/arm_toolchain/10_2021_10/bin/../lib/gcc/arm-none-eabi/10.3.1/../../../../arm-none-eabi/lib/thumb/v7e-m+fp/hard\libg.a(lib_a-lock.o)
                                                  d:/programy/arm_toolchain/10_2021_10/bin/../lib/gcc/arm-none-eabi/10.3.1/../../../../arm-none-eabi/lib/thumb/v7e-m+fp/hard\libg.a(lib_a-__call_atexit.o)
__lock___dd_hash_mutex                            d:/programy/arm_toolchain/10_2021_10/bin/../lib/gcc/arm-none-eabi/10.3.1/../../../../arm-none-eabi/lib/thumb/v7e-m+fp/hard\libg.a(lib_a-lock.o)
__lock___env_recursive_mutex                      d:/programy/arm_toolchain/10_2021_10/bin/../lib/gcc/arm-none-eabi/10.3.1/../../../../arm-none-eabi/lib/thumb/v7e-m+fp/hard\libg.a(lib_a-lock.o)
__lock___malloc_recursive_mutex                   d:/programy/arm_toolchain/10_2021_10/bin/../lib/gcc/arm-none-eabi/10.3.1/../../../../arm-none-eabi/lib/thumb/v7e-m+fp/hard\libg.a(lib_a-lock.o)
__lock___sfp_recursive_mutex                      d:/programy/arm_toolchain/10_2021_10/bin/../lib/gcc/arm-none-eabi/10.3.1/../../../../arm-none-eabi/lib/thumb/v7e-m+fp/hard\libg.a(lib_a-lock.o)
__lock___sinit_recursive_mutex                    d:/programy/arm_toolchain/10_2021_10/bin/../lib/gcc/arm-none-eabi/10.3.1/../../../../arm-none-eabi/lib/thumb/v7e-m+fp/hard\libg.a(lib_a-lock.o)
__lock___tz_mutex                                 d:/programy/arm_toolchain/10_2021_10/bin/../lib/gcc/arm-none-eabi/10.3.1/../../../../arm-none-eabi/lib/thumb/v7e-m+fp/hard\libg.a(lib_a-lock.o)
__preinit_array_end                               d:/programy/arm_toolchain/10_2021_10/bin/../lib/gcc/arm-none-eabi/10.3.1/../../../../arm-none-eabi/lib/thumb/v7e-m+fp/hard\libg.a(lib_a-init.o)
__preinit_array_start                             d:/programy/arm_toolchain/10_2021_10/bin/../lib/gcc/arm-none-eabi/10.3.1/../../../../arm-none-eabi/lib/thumb/v7e-m+fp/hard\libg.a(lib_a-init.o)
__register_exitproc                               d:/programy/arm_toolchain/10_2021_10/bin/../lib/gcc/arm-none-eabi/10.3.1/../../../../arm-none-eabi/lib/thumb/v7e-m+fp/hard\libg.a(lib_a-__atexit.o)
                                                  d:/programy/arm_toolchain/10_2021_10/bin/../lib/gcc/arm-none-eabi/10.3.1/../../../../arm-none-eabi/lib/thumb/v7e-m+fp/hard\libg.a(lib_a-atexit.o)
__register_frame_info                             d:/programy/arm_toolchain/10_2021_10/bin/../lib/gcc/arm-none-eabi/10.3.1/thumb/v7e-m+fp/hard/crtbegin.o
__retarget_lock_acquire                           d:/programy/arm_toolchain/10_2021_10/bin/../lib/gcc/arm-none-eabi/10.3.1/../../../../arm-none-eabi/lib/thumb/v7e-m+fp/hard\libg.a(lib_a-lock.o)
__retarget_lock_acquire_recursive                 d:/programy/arm_toolchain/10_2021_10/bin/../lib/gcc/arm-none-eabi/10.3.1/../../../../arm-none-eabi/lib/thumb/v7e-m+fp/hard\libg.a(lib_a-lock.o)
                                                  d:/programy/arm_toolchain/10_2021_10/bin/../lib/gcc/arm-none-eabi/10.3.1/../../../../arm-none-eabi/lib/thumb/v7e-m+fp/hard\libg.a(lib_a-__atexit.o)
                                                  d:/programy/arm_toolchain/10_2021_10/bin/../lib/gcc/arm-none-eabi/10.3.1/../../../../arm-none-eabi/lib/thumb/v7e-m+fp/hard\libg.a(lib_a-__call_atexit.o)
__retarget_lock_close                             d:/programy/arm_toolchain/10_2021_10/bin/../lib/gcc/arm-none-eabi/10.3.1/../../../../arm-none-eabi/lib/thumb/v7e-m+fp/hard\libg.a(lib_a-lock.o)
__retarget_lock_close_recursive                   d:/programy/arm_toolchain/10_2021_10/bin/../lib/gcc/arm-none-eabi/10.3.1/../../../../arm-none-eabi/lib/thumb/v7e-m+fp/hard\libg.a(lib_a-lock.o)
__retarget_lock_init                              d:/programy/arm_toolchain/10_2021_10/bin/../lib/gcc/arm-none-eabi/10.3.1/../../../../arm-none-eabi/lib/thumb/v7e-m+fp/hard\libg.a(lib_a-lock.o)
__retarget_lock_init_recursive                    d:/programy/arm_toolchain/10_2021_10/bin/../lib/gcc/arm-none-eabi/10.3.1/../../../../arm-none-eabi/lib/thumb/v7e-m+fp/hard\libg.a(lib_a-lock.o)
__retarget_lock_release                           d:/programy/arm_toolchain/10_2021_10/bin/../lib/gcc/arm-none-eabi/10.3.1/../../../../arm-none-eabi/lib/thumb/v7e-m+fp/hard\libg.a(lib_a-lock.o)
__retarget_lock_release_recursive                 d:/programy/arm_toolchain/10_2021_10/bin/../lib/gcc/arm-none-eabi/10.3.1/../../../../arm-none-eabi/lib/thumb/v7e-m+fp/hard\libg.a(lib_a-lock.o)
                                                  d:/programy/arm_toolchain/10_2021_10/bin/../lib/gcc/arm-none-eabi/10.3.1/../../../../arm-none-eabi/lib/thumb/v7e-m+fp/hard\libg.a(lib_a-__atexit.o)
                                                  d:/programy/arm_toolchain/10_2021_10/bin/../lib/gcc/arm-none-eabi/10.3.1/../../../../arm-none-eabi/lib/thumb/v7e-m+fp/hard\libg.a(lib_a-__call_atexit.o)
__retarget_lock_try_acquire                       d:/programy/arm_toolchain/10_2021_10/bin/../lib/gcc/arm-none-eabi/10.3.1/../../../../arm-none-eabi/lib/thumb/v7e-m+fp/hard\libg.a(lib_a-lock.o)
__retarget_lock_try_acquire_recursive             d:/programy/arm_toolchain/10_2021_10/bin/../lib/gcc/arm-none-eabi/10.3.1/../../../../arm-none-eabi/lib/thumb/v7e-m+fp/hard\libg.a(lib_a-lock.o)
__stack                                           d:/programy/arm_toolchain/10_2021_10/bin/../lib/gcc/arm-none-eabi/10.3.1/../../../../arm-none-eabi/lib/thumb/v7e-m+fp/hard/crt0.o
_ebss                                             CMakeFiles/stm32f401.elf.dir/D_/Self_development/stm32f401/Sw_Components/05_Mcu/startup/startup_stm32f401ccux.s.obj
_edata                                            CMakeFiles/stm32f401.elf.dir/D_/Self_development/stm32f401/Sw_Components/05_Mcu/startup/startup_stm32f401ccux.s.obj
_estack                                           CMakeFiles/stm32f401.elf.dir/D_/Self_development/stm32f401/Sw_Components/05_Mcu/startup/startup_stm32f401ccux.s.obj
_exit                                             d:/programy/arm_toolchain/10_2021_10/bin/../lib/gcc/arm-none-eabi/10.3.1/../../../../arm-none-eabi/lib/thumb/v7e-m+fp/hard\libg.a(lib_a-exit.o)
_fini                                             d:/programy/arm_toolchain/10_2021_10/bin/../lib/gcc/arm-none-eabi/10.3.1/thumb/v7e-m+fp/hard/crti.o
                                                  d:/programy/arm_toolchain/10_2021_10/bin/../lib/gcc/arm-none-eabi/10.3.1/../../../../arm-none-eabi/lib/thumb/v7e-m+fp/hard\libg.a(lib_a-fini.o)
_global_impure_ptr                                d:/programy/arm_toolchain/10_2021_10/bin/../lib/gcc/arm-none-eabi/10.3.1/../../../../arm-none-eabi/lib/thumb/v7e-m+fp/hard\libg.a(lib_a-impure.o)
                                                  d:/programy/arm_toolchain/10_2021_10/bin/../lib/gcc/arm-none-eabi/10.3.1/../../../../arm-none-eabi/lib/thumb/v7e-m+fp/hard\libg.a(lib_a-__atexit.o)
                                                  d:/programy/arm_toolchain/10_2021_10/bin/../lib/gcc/arm-none-eabi/10.3.1/../../../../arm-none-eabi/lib/thumb/v7e-m+fp/hard\libg.a(lib_a-__call_atexit.o)
                                                  d:/programy/arm_toolchain/10_2021_10/bin/../lib/gcc/arm-none-eabi/10.3.1/../../../../arm-none-eabi/lib/thumb/v7e-m+fp/hard\libg.a(lib_a-exit.o)
_impure_ptr                                       d:/programy/arm_toolchain/10_2021_10/bin/../lib/gcc/arm-none-eabi/10.3.1/../../../../arm-none-eabi/lib/thumb/v7e-m+fp/hard\libg.a(lib_a-impure.o)
_init                                             d:/programy/arm_toolchain/10_2021_10/bin/../lib/gcc/arm-none-eabi/10.3.1/thumb/v7e-m+fp/hard/crti.o
                                                  d:/programy/arm_toolchain/10_2021_10/bin/../lib/gcc/arm-none-eabi/10.3.1/../../../../arm-none-eabi/lib/thumb/v7e-m+fp/hard\libg.a(lib_a-init.o)
_mainCRTStartup                                   d:/programy/arm_toolchain/10_2021_10/bin/../lib/gcc/arm-none-eabi/10.3.1/../../../../arm-none-eabi/lib/thumb/v7e-m+fp/hard/crt0.o
_sbss                                             CMakeFiles/stm32f401.elf.dir/D_/Self_development/stm32f401/Sw_Components/05_Mcu/startup/startup_stm32f401ccux.s.obj
_sdata                                            CMakeFiles/stm32f401.elf.dir/D_/Self_development/stm32f401/Sw_Components/05_Mcu/startup/startup_stm32f401ccux.s.obj
_sidata                                           CMakeFiles/stm32f401.elf.dir/D_/Self_development/stm32f401/Sw_Components/05_Mcu/startup/startup_stm32f401ccux.s.obj
_stack_init                                       d:/programy/arm_toolchain/10_2021_10/bin/../lib/gcc/arm-none-eabi/10.3.1/../../../../arm-none-eabi/lib/thumb/v7e-m+fp/hard/crt0.o
_start                                            d:/programy/arm_toolchain/10_2021_10/bin/../lib/gcc/arm-none-eabi/10.3.1/../../../../arm-none-eabi/lib/thumb/v7e-m+fp/hard/crt0.o
atexit                                            d:/programy/arm_toolchain/10_2021_10/bin/../lib/gcc/arm-none-eabi/10.3.1/../../../../arm-none-eabi/lib/thumb/v7e-m+fp/hard\libg.a(lib_a-atexit.o)
                                                  d:/programy/arm_toolchain/10_2021_10/bin/../lib/gcc/arm-none-eabi/10.3.1/../../../../arm-none-eabi/lib/thumb/v7e-m+fp/hard\libg.a(lib_a-__call_atexit.o)
                                                  d:/programy/arm_toolchain/10_2021_10/bin/../lib/gcc/arm-none-eabi/10.3.1/../../../../arm-none-eabi/lib/thumb/v7e-m+fp/hard/crt0.o
exit                                              d:/programy/arm_toolchain/10_2021_10/bin/../lib/gcc/arm-none-eabi/10.3.1/../../../../arm-none-eabi/lib/thumb/v7e-m+fp/hard\libg.a(lib_a-exit.o)
                                                  d:/programy/arm_toolchain/10_2021_10/bin/../lib/gcc/arm-none-eabi/10.3.1/../../../../arm-none-eabi/lib/thumb/v7e-m+fp/hard/crt0.o
g_pfnVectors                                      CMakeFiles/stm32f401.elf.dir/D_/Self_development/stm32f401/Sw_Components/05_Mcu/startup/startup_stm32f401ccux.s.obj
hardware_init_hook                                d:/programy/arm_toolchain/10_2021_10/bin/../lib/gcc/arm-none-eabi/10.3.1/../../../../arm-none-eabi/lib/thumb/v7e-m+fp/hard/crt0.o
main                                              CMakeFiles/stm32f401.elf.dir/D_/Self_development/stm32f401/Sw_Components/02_Srv/main.c.obj
                                                  CMakeFiles/stm32f401.elf.dir/D_/Self_development/stm32f401/Sw_Components/05_Mcu/startup/startup_stm32f401ccux.s.obj
                                                  d:/programy/arm_toolchain/10_2021_10/bin/../lib/gcc/arm-none-eabi/10.3.1/../../../../arm-none-eabi/lib/thumb/v7e-m+fp/hard/crt0.o
memset                                            d:/programy/arm_toolchain/10_2021_10/bin/../lib/gcc/arm-none-eabi/10.3.1/../../../../arm-none-eabi/lib/thumb/v7e-m+fp/hard\libg.a(lib_a-memset.o)
                                                  d:/programy/arm_toolchain/10_2021_10/bin/../lib/gcc/arm-none-eabi/10.3.1/../../../../arm-none-eabi/lib/thumb/v7e-m+fp/hard/crt0.o
software_init_hook                                d:/programy/arm_toolchain/10_2021_10/bin/../lib/gcc/arm-none-eabi/10.3.1/../../../../arm-none-eabi/lib/thumb/v7e-m+fp/hard/crt0.o
